// Jest Snapshot v1, https://goo.gl/fbAQLP

exports[`<Commit /> Renders correctly 1`] = `
Array [
  <li>
    <a
      className="block hover:bg-gray-50"
      href="https://github.com/gatsbyjs/gatsby/commit/856386e5fabe7013a36d6e5cc596535383993070"
    >
      <div
        className="px-4 py-4 sm:px-6"
      >
        <div
          className="flex items-center justify-between"
        >
          <p
            className="truncate text-sm font-medium text-indigo-600"
          >
            chore(release): Publish next
          </p>
          <div
            className="ml-2 flex flex-shrink-0"
          >
            <p
              className="inline-flex rounded-full bg-green-100 px-2 text-xs font-semibold leading-5 text-green-800"
            >
              View on Github
            </p>
          </div>
        </div>
      </div>
    </a>
  </li>,
  <li>
    <a
      className="block hover:bg-gray-50"
      href="https://github.com/gatsbyjs/gatsby/commit/ad1148e7d9304b7bec198841f64748242077a1cc"
    >
      <div
        className="px-4 py-4 sm:px-6"
      >
        <div
          className="flex items-center justify-between"
        >
          <p
            className="truncate text-sm font-medium text-indigo-600"
          >
            fix(gatsby): Fix truncation of childNode during static HTML generatio…
          </p>
          <div
            className="ml-2 flex flex-shrink-0"
          >
            <p
              className="inline-flex rounded-full bg-green-100 px-2 text-xs font-semibold leading-5 text-green-800"
            >
              View on Github
            </p>
          </div>
        </div>
      </div>
    </a>
  </li>,
  <li>
    <a
      className="block hover:bg-gray-50"
      href="https://github.com/gatsbyjs/gatsby/commit/45a105b6db6892150da27d71abaf693b8e43fb14"
    >
      <div
        className="px-4 py-4 sm:px-6"
      >
        <div
          className="flex items-center justify-between"
        >
          <p
            className="truncate text-sm font-medium text-indigo-600"
          >
            fix(gatsby): Persist manifest on cached builds (#36693)
          </p>
          <div
            className="ml-2 flex flex-shrink-0"
          >
            <p
              className="inline-flex rounded-full bg-green-100 px-2 text-xs font-semibold leading-5 text-green-800"
            >
              View on Github
            </p>
          </div>
        </div>
      </div>
    </a>
  </li>,
  <li>
    <a
      className="block hover:bg-gray-50"
      href="https://github.com/gatsbyjs/gatsby/commit/2784feef1297d5f33eb6b95f1896a10aa3786d09"
    >
      <div
        className="px-4 py-4 sm:px-6"
      >
        <div
          className="flex items-center justify-between"
        >
          <p
            className="truncate text-sm font-medium text-indigo-600"
          >
            update react peer deps patch (#36707)
          </p>
          <div
            className="ml-2 flex flex-shrink-0"
          >
            <p
              className="inline-flex rounded-full bg-green-100 px-2 text-xs font-semibold leading-5 text-green-800"
            >
              View on Github
            </p>
          </div>
        </div>
      </div>
    </a>
  </li>,
  <li>
    <a
      className="block hover:bg-gray-50"
      href="https://github.com/gatsbyjs/gatsby/commit/a15cdfd382f0fa56e6ff2bf9d41a95bd98062b75"
    >
      <div
        className="px-4 py-4 sm:px-6"
      >
        <div
          className="flex items-center justify-between"
        >
          <p
            className="truncate text-sm font-medium text-indigo-600"
          >
            chore(deps): update starters and examples to ^18.0.21 (#36692)
          </p>
          <div
            className="ml-2 flex flex-shrink-0"
          >
            <p
              className="inline-flex rounded-full bg-green-100 px-2 text-xs font-semibold leading-5 text-green-800"
            >
              View on Github
            </p>
          </div>
        </div>
      </div>
    </a>
  </li>,
  <li>
    <a
      className="block hover:bg-gray-50"
      href="https://github.com/gatsbyjs/gatsby/commit/f300895a768955f34a0181533186fc5277b66b04"
    >
      <div
        className="px-4 py-4 sm:px-6"
      >
        <div
          className="flex items-center justify-between"
        >
          <p
            className="truncate text-sm font-medium text-indigo-600"
          >
            chore(changelogs): update changelogs (#36698)
          </p>
          <div
            className="ml-2 flex flex-shrink-0"
          >
            <p
              className="inline-flex rounded-full bg-green-100 px-2 text-xs font-semibold leading-5 text-green-800"
            >
              View on Github
            </p>
          </div>
        </div>
      </div>
    </a>
  </li>,
  <li>
    <a
      className="block hover:bg-gray-50"
      href="https://github.com/gatsbyjs/gatsby/commit/5117bd14ed229ed15ad62f0cb2136be79ad527ea"
    >
      <div
        className="px-4 py-4 sm:px-6"
      >
        <div
          className="flex items-center justify-between"
        >
          <p
            className="truncate text-sm font-medium text-indigo-600"
          >
            fix(deps): update starters and examples - gatsby (#36706)
          </p>
          <div
            className="ml-2 flex flex-shrink-0"
          >
            <p
              className="inline-flex rounded-full bg-green-100 px-2 text-xs font-semibold leading-5 text-green-800"
            >
              View on Github
            </p>
          </div>
        </div>
      </div>
    </a>
  </li>,
  <li>
    <a
      className="block hover:bg-gray-50"
      href="https://github.com/gatsbyjs/gatsby/commit/57e3363e6fd700e298c6fd94265f8e53864fab69"
    >
      <div
        className="px-4 py-4 sm:px-6"
      >
        <div
          className="flex items-center justify-between"
        >
          <p
            className="truncate text-sm font-medium text-indigo-600"
          >
            chore(docs): add showcase link to 4.24 release notes (#36705)
          </p>
          <div
            className="ml-2 flex flex-shrink-0"
          >
            <p
              className="inline-flex rounded-full bg-green-100 px-2 text-xs font-semibold leading-5 text-green-800"
            >
              View on Github
            </p>
          </div>
        </div>
      </div>
    </a>
  </li>,
  <li>
    <a
      className="block hover:bg-gray-50"
      href="https://github.com/gatsbyjs/gatsby/commit/4cf9ed6cd199683d62a0d78dea06436eddeb28a8"
    >
      <div
        className="px-4 py-4 sm:px-6"
      >
        <div
          className="flex items-center justify-between"
        >
          <p
            className="truncate text-sm font-medium text-indigo-600"
          >
            chore(docs): Release Notes for 4.24 (#36666)
          </p>
          <div
            className="ml-2 flex flex-shrink-0"
          >
            <p
              className="inline-flex rounded-full bg-green-100 px-2 text-xs font-semibold leading-5 text-green-800"
            >
              View on Github
            </p>
          </div>
        </div>
      </div>
    </a>
  </li>,
  <li>
    <a
      className="block hover:bg-gray-50"
      href="https://github.com/gatsbyjs/gatsby/commit/c2a3dfafa120e011a0742ccf40d114e6d3680d85"
    >
      <div
        className="px-4 py-4 sm:px-6"
      >
        <div
          className="flex items-center justify-between"
        >
          <p
            className="truncate text-sm font-medium text-indigo-600"
          >
            fix(gatsby): Don't throw when a path with special character is visite…
          </p>
          <div
            className="ml-2 flex flex-shrink-0"
          >
            <p
              className="inline-flex rounded-full bg-green-100 px-2 text-xs font-semibold leading-5 text-green-800"
            >
              View on Github
            </p>
          </div>
        </div>
      </div>
    </a>
  </li>,
]
`;
